\BOOKMARK [0][-]{chapter.1}{\376\377\000I\000n\000t\000r\000o\000d\000u\000\347\000\343\000o}{}% 1
\BOOKMARK [1][-]{section.1.1}{\376\377\000C\000o\000n\000t\000e\000x\000t\000u\000a\000l\000i\000z\000a\000\347\000\343\000o}{chapter.1}% 2
\BOOKMARK [1][-]{section.1.2}{\376\377\000P\000r\000o\000b\000l\000e\000m\000a\000\040\000I\000n\000v\000e\000s\000t\000i\000g\000a\000d\000o}{chapter.1}% 3
\BOOKMARK [1][-]{section.1.3}{\376\377\000M\000o\000t\000i\000v\000a\000\347\000\343\000o}{chapter.1}% 4
\BOOKMARK [1][-]{section.1.4}{\376\377\000O\000b\000j\000e\000t\000i\000v\000o\000s}{chapter.1}% 5
\BOOKMARK [1][-]{section.1.5}{\376\377\000J\000u\000s\000t\000i\000f\000i\000c\000a\000t\000i\000v\000a}{chapter.1}% 6
\BOOKMARK [1][-]{section.1.6}{\376\377\000Q\000u\000e\000s\000t\000\365\000e\000s\000\040\000d\000e\000\040\000P\000e\000s\000q\000u\000i\000s\000a\000\040\000p\000a\000r\000a\000\040\000o\000\040\000E\000s\000t\000u\000d\000o\000\040\000d\000e\000\040\000C\000a\000s\000o}{chapter.1}% 7
\BOOKMARK [1][-]{section.1.7}{\376\377\000D\000e\000l\000i\000m\000i\000t\000a\000\347\000\343\000o\000\040\000d\000o\000\040\000E\000s\000t\000u\000d\000o}{chapter.1}% 8
\BOOKMARK [1][-]{section.1.8}{\376\377\000E\000s\000t\000r\000u\000t\000u\000r\000a\000\040\000d\000o\000\040\000E\000s\000t\000u\000d\000o}{chapter.1}% 9
\BOOKMARK [0][-]{chapter.2}{\376\377\000F\000u\000n\000d\000a\000m\000e\000n\000t\000a\000\347\000\343\000o\000\040\000T\000e\000\363\000r\000i\000c\000a}{}% 10
\BOOKMARK [1][-]{section.2.1}{\376\377\000I\000n\000L\000i\000g\000h\000t}{chapter.2}% 11
\BOOKMARK [1][-]{section.2.2}{\376\377\000T\000e\000c\000n\000o\000l\000o\000g\000i\000a\000s}{chapter.2}% 12
\BOOKMARK [2][-]{subsection.2.2.1}{\376\377\000A\000r\000q\000u\000i\000t\000e\000t\000u\000r\000a\000\040\000d\000a\000\040\000A\000p\000l\000i\000c\000a\000\347\000\343\000o}{section.2.2}% 13
\BOOKMARK [2][-]{subsection.2.2.2}{\376\377\000F\000r\000o\000n\000t\000-\000e\000n\000d\000:\000\040\000R\000e\000a\000c\000t\000\040\000N\000a\000t\000i\000v\000e}{section.2.2}% 14
\BOOKMARK [2][-]{subsection.2.2.3}{\376\377\000B\000a\000c\000k\000-\000e\000n\000d\000:\000\040\000N\000e\000s\000t\000J\000S\000\040\000e\000\040\000N\000o\000d\000e\000.\000j\000s}{section.2.2}% 15
\BOOKMARK [2][-]{subsection.2.2.4}{\376\377\000B\000a\000n\000c\000o\000\040\000d\000e\000\040\000D\000a\000d\000o\000s\000\040\000e\000\040\000P\000e\000r\000s\000i\000s\000t\000\352\000n\000c\000i\000a}{section.2.2}% 16
\BOOKMARK [2][-]{subsection.2.2.5}{\376\377\000A\000u\000t\000e\000n\000t\000i\000c\000a\000\347\000\343\000o\000\040\000e\000\040\000S\000e\000g\000u\000r\000a\000n\000\347\000a}{section.2.2}% 17
\BOOKMARK [2][-]{subsection.2.2.6}{\376\377\000V\000a\000l\000i\000d\000a\000\347\000\343\000o\000\040\000e\000\040\000T\000r\000a\000t\000a\000m\000e\000n\000t\000o\000\040\000d\000e\000\040\000D\000a\000d\000o\000s}{section.2.2}% 18
\BOOKMARK [2][-]{subsection.2.2.7}{\376\377\000I\000n\000t\000e\000r\000c\000e\000p\000t\000o\000r\000s\000\040\000e\000\040\000E\000x\000c\000e\000p\000t\000i\000o\000n\000\040\000F\000i\000l\000t\000e\000r\000s}{section.2.2}% 19
\BOOKMARK [2][-]{subsection.2.2.8}{\376\377\000P\000r\000o\000c\000e\000s\000s\000a\000m\000e\000n\000t\000o\000\040\000d\000e\000\040\000A\000r\000q\000u\000i\000v\000o\000s\000\040\000E\000x\000c\000e\000l}{section.2.2}% 20
\BOOKMARK [2][-]{subsection.2.2.9}{\376\377\000C\000o\000m\000u\000n\000i\000c\000a\000\347\000\343\000o\000\040\000H\000T\000T\000P\000\040\000e\000\040\000C\000O\000R\000S}{section.2.2}% 21
\BOOKMARK [2][-]{subsection.2.2.10}{\376\377\000T\000e\000s\000t\000e\000s\000\040\000A\000u\000t\000o\000m\000a\000t\000i\000z\000a\000d\000o\000s}{section.2.2}% 22
\BOOKMARK [2][-]{subsection.2.2.11}{\376\377\000C\000o\000n\000s\000i\000d\000e\000r\000a\000\347\000\365\000e\000s\000\040\000s\000o\000b\000r\000e\000\040\000a\000\040\000S\000t\000a\000c\000k\000\040\000T\000e\000c\000n\000o\000l\000\363\000g\000i\000c\000a}{section.2.2}% 23
\BOOKMARK [1][-]{section.2.3}{\376\377\000S\000i\000s\000t\000e\000m\000a\000s\000\040\000d\000e\000\040\000I\000n\000f\000o\000r\000m\000a\000\347\000\343\000o\000\040\000e\000\040\000I\000n\000t\000e\000g\000r\000a\000\347\000\343\000o}{chapter.2}% 24
\BOOKMARK [2][-]{subsection.2.3.1}{\376\377\000C\000o\000n\000c\000e\000i\000t\000o\000s\000\040\000F\000u\000n\000d\000a\000m\000e\000n\000t\000a\000i\000s\000\040\000d\000e\000\040\000S\000i\000s\000t\000e\000m\000a\000s\000\040\000d\000e\000\040\000I\000n\000f\000o\000r\000m\000a\000\347\000\343\000o}{section.2.3}% 25
\BOOKMARK [2][-]{subsection.2.3.2}{\376\377\000S\000i\000s\000t\000e\000m\000a\000s\000\040\000L\000e\000g\000a\000d\000o\000s\000\040\000e\000\040\000s\000u\000a\000s\000\040\000L\000i\000m\000i\000t\000a\000\347\000\365\000e\000s}{section.2.3}% 26
\BOOKMARK [2][-]{subsection.2.3.3}{\376\377\000F\000r\000a\000g\000m\000e\000n\000t\000a\000\347\000\343\000o\000\040\000d\000e\000\040\000S\000i\000s\000t\000e\000m\000a\000s\000\040\000e\000\040\000s\000e\000u\000s\000\040\000I\000m\000p\000a\000c\000t\000o\000s}{section.2.3}% 27
\BOOKMARK [2][-]{subsection.2.3.4}{\376\377\000I\000n\000t\000e\000g\000r\000a\000\347\000\343\000o\000\040\000d\000e\000\040\000S\000i\000s\000t\000e\000m\000a\000s\000:\000\040\000C\000o\000n\000c\000e\000i\000t\000o\000s\000\040\000e\000\040\000A\000b\000o\000r\000d\000a\000g\000e\000n\000s}{section.2.3}% 28
\BOOKMARK [2][-]{subsection.2.3.5}{\376\377\000U\000n\000i\000f\000i\000c\000a\000\347\000\343\000o\000\040\000d\000e\000\040\000S\000i\000s\000t\000e\000m\000a\000s\000:\000\040\000C\000o\000n\000c\000e\000i\000t\000o\000\040\000e\000\040\000B\000e\000n\000e\000f\000\355\000c\000i\000o\000s}{section.2.3}% 29
\BOOKMARK [2][-]{subsection.2.3.6}{\376\377\000D\000e\000s\000a\000f\000i\000o\000s\000\040\000n\000a\000\040\000U\000n\000i\000f\000i\000c\000a\000\347\000\343\000o\000\040\000d\000e\000\040\000S\000i\000s\000t\000e\000m\000a\000s}{section.2.3}% 30
\BOOKMARK [1][-]{section.2.4}{\376\377\000G\000e\000s\000t\000\343\000o\000\040\000d\000e\000\040\000P\000r\000o\000c\000e\000s\000s\000o\000s\000\040\000e\000\040\000W\000o\000r\000k\000f\000l\000o\000w\000s}{chapter.2}% 31
\BOOKMARK [2][-]{subsection.2.4.1}{\376\377\000C\000o\000n\000c\000e\000i\000t\000o\000s\000\040\000d\000e\000\040\000P\000r\000o\000c\000e\000s\000s\000o\000s\000\040\000d\000e\000\040\000N\000e\000g\000\363\000c\000i\000o}{section.2.4}% 32
\BOOKMARK [2][-]{subsection.2.4.2}{\376\377\000M\000o\000d\000e\000l\000a\000g\000e\000m\000\040\000e\000\040\000A\000n\000\341\000l\000i\000s\000e\000\040\000d\000e\000\040\000P\000r\000o\000c\000e\000s\000s\000o\000s}{section.2.4}% 33
\BOOKMARK [2][-]{subsection.2.4.3}{\376\377\000R\000e\000e\000n\000g\000e\000n\000h\000a\000r\000i\000a\000\040\000d\000e\000\040\000P\000r\000o\000c\000e\000s\000s\000o\000s}{section.2.4}% 34
\BOOKMARK [2][-]{subsection.2.4.4}{\376\377\000A\000u\000t\000o\000m\000a\000\347\000\343\000o\000\040\000d\000e\000\040\000P\000r\000o\000c\000e\000s\000s\000o\000s}{section.2.4}% 35
\BOOKMARK [2][-]{subsection.2.4.5}{\376\377\000W\000o\000r\000k\000f\000l\000o\000w\000s\000\040\000e\000\040\000G\000e\000s\000t\000\343\000o\000\040\000d\000e\000\040\000T\000a\000r\000e\000f\000a\000s}{section.2.4}% 36
\BOOKMARK [2][-]{subsection.2.4.6}{\376\377\000R\000e\000d\000u\000\347\000\343\000o\000\040\000d\000e\000\040\000R\000e\000t\000r\000a\000b\000a\000l\000h\000o}{section.2.4}% 37
\BOOKMARK [1][-]{section.2.5}{\376\377\000T\000r\000a\000n\000s\000f\000o\000r\000m\000a\000\347\000\343\000o\000\040\000D\000i\000g\000i\000t\000a\000l\000\040\000n\000o\000\040\000S\000e\000t\000o\000r\000\040\000E\000l\000\351\000t\000r\000i\000c\000o}{chapter.2}% 38
\BOOKMARK [2][-]{subsection.2.5.1}{\376\377\000C\000o\000n\000t\000e\000x\000t\000o\000\040\000d\000o\000\040\000S\000e\000t\000o\000r\000\040\000E\000l\000\351\000t\000r\000i\000c\000o\000\040\000B\000r\000a\000s\000i\000l\000e\000i\000r\000o}{section.2.5}% 39
\BOOKMARK [2][-]{subsection.2.5.2}{\376\377\000C\000C\000E\000E\000\040\000-\000\040\000C\000\342\000m\000a\000r\000a\000\040\000d\000e\000\040\000C\000o\000m\000e\000r\000c\000i\000a\000l\000i\000z\000a\000\347\000\343\000o\000\040\000d\000e\000\040\000E\000n\000e\000r\000g\000i\000a\000\040\000E\000l\000\351\000t\000r\000i\000c\000a}{section.2.5}% 40
\BOOKMARK [2][-]{subsection.2.5.3}{\376\377\000A\000C\000R\000\040\000e\000\040\000A\000C\000L\000:\000\040\000A\000m\000b\000i\000e\000n\000t\000e\000s\000\040\000d\000e\000\040\000C\000o\000n\000t\000r\000a\000t\000a\000\347\000\343\000o}{section.2.5}% 41
\BOOKMARK [2][-]{subsection.2.5.4}{\376\377\000D\000e\000s\000a\000f\000i\000o\000s\000\040\000d\000e\000\040\000G\000e\000s\000t\000\343\000o\000\040\000d\000e\000\040\000C\000o\000n\000t\000r\000a\000t\000o\000s}{section.2.5}% 42
\BOOKMARK [2][-]{subsection.2.5.5}{\376\377\000O\000b\000r\000i\000g\000a\000\347\000\365\000e\000s\000\040\000e\000\040\000P\000r\000a\000z\000o\000s\000\040\000R\000e\000g\000u\000l\000a\000t\000\363\000r\000i\000o\000s}{section.2.5}% 43
\BOOKMARK [2][-]{subsection.2.5.6}{\376\377\000T\000r\000a\000n\000s\000f\000o\000r\000m\000a\000\347\000\343\000o\000\040\000D\000i\000g\000i\000t\000a\000l\000\040\000n\000o\000\040\000S\000e\000t\000o\000r}{section.2.5}% 44
\BOOKMARK [2][-]{subsection.2.5.7}{\376\377\000I\000n\000t\000e\000g\000r\000a\000\347\000\343\000o\000\040\000d\000e\000\040\000S\000i\000s\000t\000e\000m\000a\000s\000\040\000n\000o\000\040\000C\000o\000n\000t\000e\000x\000t\000o\000\040\000R\000e\000g\000u\000l\000a\000t\000\363\000r\000i\000o}{section.2.5}% 45
\BOOKMARK [2][-]{subsection.2.5.8}{\376\377\000C\000a\000s\000o\000s\000\040\000d\000e\000\040\000S\000u\000c\000e\000s\000s\000o\000\040\000e\000\040\000B\000e\000n\000c\000h\000m\000a\000r\000k\000s}{section.2.5}% 46
\BOOKMARK [0][-]{chapter.3}{\376\377\000R\000e\000v\000i\000s\000\343\000o\000\040\000d\000a\000\040\000L\000i\000t\000e\000r\000a\000t\000u\000r\000a\000\040\000/\000\040\000T\000r\000a\000b\000a\000l\000h\000o\000s\000\040\000R\000e\000l\000a\000c\000i\000o\000n\000a\000d\000o\000s}{}% 47
\BOOKMARK [0][-]{chapter.4}{\376\377\000P\000r\000o\000p\000o\000s\000t\000a}{}% 48
\BOOKMARK [0][-]{chapter.5}{\376\377\000C\000o\000n\000c\000l\000u\000s\000\343\000o}{}% 49
\BOOKMARK [0][-]{chapter*.1}{\376\377\000R\000e\000f\000e\000r\000\352\000n\000c\000i\000a\000s}{}% 50
